Archive member included to satisfy reference by file (symbol)

d:/st/stm32cubeide_1.4.0/stm32cubeide/plugins/com.st.stm32cube.ide.mcu.externaltools.gnu-tools-for-stm32.7-2018-q2-update.win32_1.5.0.202011040924/tools/bin/../lib/gcc/arm-none-eabi/7.3.1/../../../../arm-none-eabi/lib/thumb/v7-m\libc_nano.a(lib_a-errno.o)
                              Core/Src/syscalls.o (__errno)
d:/st/stm32cubeide_1.4.0/stm32cubeide/plugins/com.st.stm32cube.ide.mcu.externaltools.gnu-tools-for-stm32.7-2018-q2-update.win32_1.5.0.202011040924/tools/bin/../lib/gcc/arm-none-eabi/7.3.1/../../../../arm-none-eabi/lib/thumb/v7-m\libc_nano.a(lib_a-exit.o)
                              d:/st/stm32cubeide_1.4.0/stm32cubeide/plugins/com.st.stm32cube.ide.mcu.externaltools.gnu-tools-for-stm32.7-2018-q2-update.win32_1.5.0.202011040924/tools/bin/../lib/gcc/arm-none-eabi/7.3.1/../../../../arm-none-eabi/lib/thumb/v7-m/crt0.o (exit)
d:/st/stm32cubeide_1.4.0/stm32cubeide/plugins/com.st.stm32cube.ide.mcu.externaltools.gnu-tools-for-stm32.7-2018-q2-update.win32_1.5.0.202011040924/tools/bin/../lib/gcc/arm-none-eabi/7.3.1/../../../../arm-none-eabi/lib/thumb/v7-m\libc_nano.a(lib_a-impure.o)
                              d:/st/stm32cubeide_1.4.0/stm32cubeide/plugins/com.st.stm32cube.ide.mcu.externaltools.gnu-tools-for-stm32.7-2018-q2-update.win32_1.5.0.202011040924/tools/bin/../lib/gcc/arm-none-eabi/7.3.1/../../../../arm-none-eabi/lib/thumb/v7-m\libc_nano.a(lib_a-exit.o) (_global_impure_ptr)
d:/st/stm32cubeide_1.4.0/stm32cubeide/plugins/com.st.stm32cube.ide.mcu.externaltools.gnu-tools-for-stm32.7-2018-q2-update.win32_1.5.0.202011040924/tools/bin/../lib/gcc/arm-none-eabi/7.3.1/../../../../arm-none-eabi/lib/thumb/v7-m\libc_nano.a(lib_a-init.o)
                              d:/st/stm32cubeide_1.4.0/stm32cubeide/plugins/com.st.stm32cube.ide.mcu.externaltools.gnu-tools-for-stm32.7-2018-q2-update.win32_1.5.0.202011040924/tools/bin/../lib/gcc/arm-none-eabi/7.3.1/../../../../arm-none-eabi/lib/thumb/v7-m/crt0.o (__libc_init_array)
d:/st/stm32cubeide_1.4.0/stm32cubeide/plugins/com.st.stm32cube.ide.mcu.externaltools.gnu-tools-for-stm32.7-2018-q2-update.win32_1.5.0.202011040924/tools/bin/../lib/gcc/arm-none-eabi/7.3.1/../../../../arm-none-eabi/lib/thumb/v7-m\libc_nano.a(lib_a-memset.o)
                              d:/st/stm32cubeide_1.4.0/stm32cubeide/plugins/com.st.stm32cube.ide.mcu.externaltools.gnu-tools-for-stm32.7-2018-q2-update.win32_1.5.0.202011040924/tools/bin/../lib/gcc/arm-none-eabi/7.3.1/../../../../arm-none-eabi/lib/thumb/v7-m/crt0.o (memset)
d:/st/stm32cubeide_1.4.0/stm32cubeide/plugins/com.st.stm32cube.ide.mcu.externaltools.gnu-tools-for-stm32.7-2018-q2-update.win32_1.5.0.202011040924/tools/bin/../lib/gcc/arm-none-eabi/7.3.1/thumb/v7-m\libgcc.a(_aeabi_uldivmod.o)
                              Drivers/STM32L1xx_HAL_Driver/Src/stm32l1xx_hal_rcc.o (__aeabi_uldivmod)
d:/st/stm32cubeide_1.4.0/stm32cubeide/plugins/com.st.stm32cube.ide.mcu.externaltools.gnu-tools-for-stm32.7-2018-q2-update.win32_1.5.0.202011040924/tools/bin/../lib/gcc/arm-none-eabi/7.3.1/thumb/v7-m\libgcc.a(_udivmoddi4.o)
                              d:/st/stm32cubeide_1.4.0/stm32cubeide/plugins/com.st.stm32cube.ide.mcu.externaltools.gnu-tools-for-stm32.7-2018-q2-update.win32_1.5.0.202011040924/tools/bin/../lib/gcc/arm-none-eabi/7.3.1/thumb/v7-m\libgcc.a(_aeabi_uldivmod.o) (__udivmoddi4)
d:/st/stm32cubeide_1.4.0/stm32cubeide/plugins/com.st.stm32cube.ide.mcu.externaltools.gnu-tools-for-stm32.7-2018-q2-update.win32_1.5.0.202011040924/tools/bin/../lib/gcc/arm-none-eabi/7.3.1/thumb/v7-m\libgcc.a(_dvmd_tls.o)
                              d:/st/stm32cubeide_1.4.0/stm32cubeide/plugins/com.st.stm32cube.ide.mcu.externaltools.gnu-tools-for-stm32.7-2018-q2-update.win32_1.5.0.202011040924/tools/bin/../lib/gcc/arm-none-eabi/7.3.1/thumb/v7-m\libgcc.a(_aeabi_uldivmod.o) (__aeabi_ldiv0)

Allocating common symbols
Common symbol       size              file

uwTick              0x4               Drivers/STM32L1xx_HAL_Driver/Src/stm32l1xx_hal.o
pFlash              0x18              Drivers/STM32L1xx_HAL_Driver/Src/stm32l1xx_hal_flash.o
i                   0x4               Core/Src/main.o

Discarded input sections

 .text          0x0000000000000000        0x0 d:/st/stm32cubeide_1.4.0/stm32cubeide/plugins/com.st.stm32cube.ide.mcu.externaltools.gnu-tools-for-stm32.7-2018-q2-update.win32_1.5.0.202011040924/tools/bin/../lib/gcc/arm-none-eabi/7.3.1/thumb/v7-m/crti.o
 .data          0x0000000000000000        0x0 d:/st/stm32cubeide_1.4.0/stm32cubeide/plugins/com.st.stm32cube.ide.mcu.externaltools.gnu-tools-for-stm32.7-2018-q2-update.win32_1.5.0.202011040924/tools/bin/../lib/gcc/arm-none-eabi/7.3.1/thumb/v7-m/crti.o
 .bss           0x0000000000000000        0x0 d:/st/stm32cubeide_1.4.0/stm32cubeide/plugins/com.st.stm32cube.ide.mcu.externaltools.gnu-tools-for-stm32.7-2018-q2-update.win32_1.5.0.202011040924/tools/bin/../lib/gcc/arm-none-eabi/7.3.1/thumb/v7-m/crti.o
[...]
Memory Configuration

Name             Origin             Length             Attributes
RAM              0x0000000020000000 0x0000000000004000 xrw
FLASH            0x0000000008000000 0x0000000000020000 xr
*default*        0x0000000000000000 0xffffffffffffffff

Linker script and memory map

LOAD d:/st/stm32cubeide_1.4.0/stm32cubeide/plugins/com.st.stm32cube.ide.mcu.externaltools.gnu-tools-for-stm32.7-2018-q2-update.win32_1.5.0.202011040924/tools/bin/../lib/gcc/arm-none-eabi/7.3.1/thumb/v7-m/crti.o
LOAD d:/st/stm32cubeide_1.4.0/stm32cubeide/plugins/com.st.stm32cube.ide.mcu.externaltools.gnu-tools-for-stm32.7-2018-q2-update.win32_1.5.0.202011040924/tools/bin/../lib/gcc/arm-none-eabi/7.3.1/thumb/v7-m/crtbegin.o
LOAD d:/st/stm32cubeide_1.4.0/stm32cubeide/plugins/com.st.stm32cube.ide.mcu.externaltools.gnu-tools-for-stm32.7-2018-q2-update.win32_1.5.0.202011040924/tools/bin/../lib/gcc/arm-none-eabi/7.3.1/../../../../arm-none-eabi/lib/thumb/v7-m/crt0.o
LOAD Core/Src/main.o
LOAD Core/Src/stm32l1xx_hal_msp.o
LOAD Core/Src/stm32l1xx_it.o
LOAD Core/Src/syscalls.o
LOAD Core/Src/sysmem.o
LOAD Core/Src/system_stm32l1xx.o
LOAD Core/Startup/startup_stm32l152rbtx.o
LOAD Drivers/STM32L1xx_HAL_Driver/Src/stm32l1xx_hal.o
LOAD Drivers/STM32L1xx_HAL_Driver/Src/stm32l1xx_hal_cortex.o
LOAD Drivers/STM32L1xx_HAL_Driver/Src/stm32l1xx_hal_dma.o
LOAD Drivers/STM32L1xx_HAL_Driver/Src/stm32l1xx_hal_exti.o
LOAD Drivers/STM32L1xx_HAL_Driver/Src/stm32l1xx_hal_flash.o
LOAD Drivers/STM32L1xx_HAL_Driver/Src/stm32l1xx_hal_flash_ex.o
LOAD Drivers/STM32L1xx_HAL_Driver/Src/stm32l1xx_hal_flash_ramfunc.o
LOAD Drivers/STM32L1xx_HAL_Driver/Src/stm32l1xx_hal_gpio.o
LOAD Drivers/STM32L1xx_HAL_Driver/Src/stm32l1xx_hal_pwr.o
LOAD Drivers/STM32L1xx_HAL_Driver/Src/stm32l1xx_hal_pwr_ex.o
LOAD Drivers/STM32L1xx_HAL_Driver/Src/stm32l1xx_hal_rcc.o
LOAD Drivers/STM32L1xx_HAL_Driver/Src/stm32l1xx_hal_rcc_ex.o
LOAD Drivers/STM32L1xx_HAL_Driver/Src/stm32l1xx_hal_tim.o
LOAD Drivers/STM32L1xx_HAL_Driver/Src/stm32l1xx_hal_tim_ex.o
START GROUP
LOAD d:/st/stm32cubeide_1.4.0/stm32cubeide/plugins/com.st.stm32cube.ide.mcu.externaltools.gnu-tools-for-stm32.7-2018-q2-update.win32_1.5.0.202011040924/tools/bin/../lib/gcc/arm-none-eabi/7.3.1/../../../../arm-none-eabi/lib/thumb/v7-m\libc_nano.a
LOAD d:/st/stm32cubeide_1.4.0/stm32cubeide/plugins/com.st.stm32cube.ide.mcu.externaltools.gnu-tools-for-stm32.7-2018-q2-update.win32_1.5.0.202011040924/tools/bin/../lib/gcc/arm-none-eabi/7.3.1/../../../../arm-none-eabi/lib/thumb/v7-m\libm.a
END GROUP
START GROUP
LOAD d:/st/stm32cubeide_1.4.0/stm32cubeide/plugins/com.st.stm32cube.ide.mcu.externaltools.gnu-tools-for-stm32.7-2018-q2-update.win32_1.5.0.202011040924/tools/bin/../lib/gcc/arm-none-eabi/7.3.1/thumb/v7-m\libgcc.a
LOAD d:/st/stm32cubeide_1.4.0/stm32cubeide/plugins/com.st.stm32cube.ide.mcu.externaltools.gnu-tools-for-stm32.7-2018-q2-update.win32_1.5.0.202011040924/tools/bin/../lib/gcc/arm-none-eabi/7.3.1/../../../../arm-none-eabi/lib/thumb/v7-m\libc_nano.a
END GROUP
START GROUP
LOAD d:/st/stm32cubeide_1.4.0/stm32cubeide/plugins/com.st.stm32cube.ide.mcu.externaltools.gnu-tools-for-stm32.7-2018-q2-update.win32_1.5.0.202011040924/tools/bin/../lib/gcc/arm-none-eabi/7.3.1/thumb/v7-m\libgcc.a
LOAD d:/st/stm32cubeide_1.4.0/stm32cubeide/plugins/com.st.stm32cube.ide.mcu.externaltools.gnu-tools-for-stm32.7-2018-q2-update.win32_1.5.0.202011040924/tools/bin/../lib/gcc/arm-none-eabi/7.3.1/../../../../arm-none-eabi/lib/thumb/v7-m\libc_nano.a
LOAD d:/st/stm32cubeide_1.4.0/stm32cubeide/plugins/com.st.stm32cube.ide.mcu.externaltools.gnu-tools-for-stm32.7-2018-q2-update.win32_1.5.0.202011040924/tools/bin/../lib/gcc/arm-none-eabi/7.3.1/../../../../arm-none-eabi/lib/thumb/v7-m\libnosys.a
END GROUP
START GROUP
LOAD d:/st/stm32cubeide_1.4.0/stm32cubeide/plugins/com.st.stm32cube.ide.mcu.externaltools.gnu-tools-for-stm32.7-2018-q2-update.win32_1.5.0.202011040924/tools/bin/../lib/gcc/arm-none-eabi/7.3.1/thumb/v7-m\libgcc.a
LOAD d:/st/stm32cubeide_1.4.0/stm32cubeide/plugins/com.st.stm32cube.ide.mcu.externaltools.gnu-tools-for-stm32.7-2018-q2-update.win32_1.5.0.202011040924/tools/bin/../lib/gcc/arm-none-eabi/7.3.1/../../../../arm-none-eabi/lib/thumb/v7-m\libc_nano.a
LOAD d:/st/stm32cubeide_1.4.0/stm32cubeide/plugins/com.st.stm32cube.ide.mcu.externaltools.gnu-tools-for-stm32.7-2018-q2-update.win32_1.5.0.202011040924/tools/bin/../lib/gcc/arm-none-eabi/7.3.1/../../../../arm-none-eabi/lib/thumb/v7-m\libnosys.a
END GROUP
LOAD d:/st/stm32cubeide_1.4.0/stm32cubeide/plugins/com.st.stm32cube.ide.mcu.externaltools.gnu-tools-for-stm32.7-2018-q2-update.win32_1.5.0.202011040924/tools/bin/../lib/gcc/arm-none-eabi/7.3.1/thumb/v7-m/crtend.o
LOAD d:/st/stm32cubeide_1.4.0/stm32cubeide/plugins/com.st.stm32cube.ide.mcu.externaltools.gnu-tools-for-stm32.7-2018-q2-update.win32_1.5.0.202011040924/tools/bin/../lib/gcc/arm-none-eabi/7.3.1/thumb/v7-m/crtn.o
                0x0000000020004000                _estack = (ORIGIN (RAM) + LENGTH (RAM))
                0x0000000000000200                _Min_Heap_Size = 0x200
                0x0000000000000400                _Min_Stack_Size = 0x400

.isr_vector     0x0000000008000000      0x13c
                0x0000000008000000                . = ALIGN (0x4)
 *(.isr_vector)
 .isr_vector    0x0000000008000000      0x13c Core/Startup/startup_stm32l152rbtx.o
                0x0000000008000000                g_pfnVectors
                0x000000000800013c                . = ALIGN (0x4)

.text           0x000000000800013c     0x1904
                0x000000000800013c                . = ALIGN (0x4)
 *(.text)
 .text          0x000000000800013c       0x40 d:/st/stm32cubeide_1.4.0/stm32cubeide/plugins/com.st.stm32cube.ide.mcu.externaltools.gnu-tools-for-stm32.7-2018-q2-update.win32_1.5.0.202011040924/tools/bin/../lib/gcc/arm-none-eabi/7.3.1/thumb/v7-m/crtbegin.o
 .text          0x000000000800017c       0x30 d:/st/stm32cubeide_1.4.0/stm32cubeide/plugins/com.st.stm32cube.ide.mcu.externaltools.gnu-tools-for-stm32.7-2018-q2-update.win32_1.5.0.202011040924/tools/bin/../lib/gcc/arm-none-eabi/7.3.1/thumb/v7-m\libgcc.a(_aeabi_uldivmod.o)
                0x000000000800017c                __aeabi_uldivmod
 .text          0x00000000080001ac      0x2d0 d:/st/stm32cubeide_1.4.0/stm32cubeide/plugins/com.st.stm32cube.ide.mcu.externaltools.gnu-tools-for-stm32.7-2018-q2-update.win32_1.5.0.202011040924/tools/bin/../lib/gcc/arm-none-eabi/7.3.1/thumb/v7-m\libgcc.a(_udivmoddi4.o)
                0x00000000080001ac                __udivmoddi4
 .text          0x000000000800047c        0x4 d:/st/stm32cubeide_1.4.0/stm32cubeide/plugins/com.st.stm32cube.ide.mcu.externaltools.gnu-tools-for-stm32.7-2018-q2-update.win32_1.5.0.202011040924/tools/bin/../lib/gcc/arm-none-eabi/7.3.1/thumb/v7-m\libgcc.a(_dvmd_tls.o)
                0x000000000800047c                __aeabi_idiv0
                0x000000000800047c                __aeabi_ldiv0
 *(.text*)
 .text.main     0x0000000008000480       0xa0 Core/Src/main.o
                0x0000000008000480                main
 .text.SystemClock_Config
                0x0000000008000520       0x98 Core/Src/main.o
                0x0000000008000520                SystemClock_Config
 .text.MX_GPIO_Init
                0x00000000080005b8       0xac Core/Src/main.o
 .text.HAL_GPIO_EXTI_Callback
                0x0000000008000664       0x28 Core/Src/main.o
                0x0000000008000664                HAL_GPIO_EXTI_Callback
 .text.Error_Handler
                0x000000000800068c        0xc Core/Src/main.o
                0x000000000800068c                Error_Handler
 .text.HAL_MspInit
                0x0000000008000698       0x5c Core/Src/stm32l1xx_hal_msp.o
                0x0000000008000698                HAL_MspInit
 .text.NMI_Handler
                0x00000000080006f4        0xc Core/Src/stm32l1xx_it.o
                0x00000000080006f4                NMI_Handler
 .text.HardFault_Handler
                0x0000000008000700        0x6 Core/Src/stm32l1xx_it.o
                0x0000000008000700                HardFault_Handler
 .text.MemManage_Handler
                0x0000000008000706        0x6 Core/Src/stm32l1xx_it.o
                0x0000000008000706                MemManage_Handler
 .text.BusFault_Handler
                0x000000000800070c        0x6 Core/Src/stm32l1xx_it.o
                0x000000000800070c                BusFault_Handler
 .text.UsageFault_Handler
                0x0000000008000712        0x6 Core/Src/stm32l1xx_it.o
                0x0000000008000712                UsageFault_Handler
 .text.SVC_Handler
                0x0000000008000718        0xc Core/Src/stm32l1xx_it.o
                0x0000000008000718                SVC_Handler
 .text.DebugMon_Handler
                0x0000000008000724        0xc Core/Src/stm32l1xx_it.o
                0x0000000008000724                DebugMon_Handler
 .text.PendSV_Handler
                0x0000000008000730        0xc Core/Src/stm32l1xx_it.o
                0x0000000008000730                PendSV_Handler
 .text.SysTick_Handler
                0x000000000800073c        0xc Core/Src/stm32l1xx_it.o
                0x000000000800073c                SysTick_Handler
 .text.EXTI1_IRQHandler
                0x0000000008000748        0xe Core/Src/stm32l1xx_it.o
                0x0000000008000748                EXTI1_IRQHandler
 *fill*         0x0000000008000756        0x2 
 .text.SystemInit
                0x0000000008000758       0x18 Core/Src/system_stm32l1xx.o
                0x0000000008000758                SystemInit
 .text.Reset_Handler
                0x0000000008000770       0x48 Core/Startup/startup_stm32l152rbtx.o
                0x0000000008000770                Reset_Handler
 .text.Default_Handler
                0x00000000080007b8        0x2 Core/Startup/startup_stm32l152rbtx.o
                0x00000000080007b8                RTC_Alarm_IRQHandler
                0x00000000080007b8                EXTI2_IRQHandler
                0x00000000080007b8                TIM10_IRQHandler
                0x00000000080007b8                USB_HP_IRQHandler
                0x00000000080007b8                TIM6_IRQHandler
                0x00000000080007b8                PVD_IRQHandler
                0x00000000080007b8                EXTI3_IRQHandler
                0x00000000080007b8                EXTI0_IRQHandler
                0x00000000080007b8                I2C2_EV_IRQHandler
                0x00000000080007b8                SPI1_IRQHandler
                0x00000000080007b8                USB_FS_WKUP_IRQHandler
                0x00000000080007b8                DMA1_Channel4_IRQHandler
                0x00000000080007b8                ADC1_IRQHandler
                0x00000000080007b8                USART3_IRQHandler
                0x00000000080007b8                DMA1_Channel7_IRQHandler
                0x00000000080007b8                LCD_IRQHandler
                0x00000000080007b8                TIM4_IRQHandler
                0x00000000080007b8                I2C1_EV_IRQHandler
                0x00000000080007b8                DMA1_Channel6_IRQHandler
                0x00000000080007b8                TIM3_IRQHandler
                0x00000000080007b8                RCC_IRQHandler
                0x00000000080007b8                DMA1_Channel1_IRQHandler
                0x00000000080007b8                Default_Handler
                0x00000000080007b8                EXTI15_10_IRQHandler
                0x00000000080007b8                TIM7_IRQHandler
                0x00000000080007b8                EXTI9_5_IRQHandler
                0x00000000080007b8                TIM9_IRQHandler
                0x00000000080007b8                TAMPER_STAMP_IRQHandler
                0x00000000080007b8                RTC_WKUP_IRQHandler
                0x00000000080007b8                SPI2_IRQHandler
                0x00000000080007b8                DMA1_Channel5_IRQHandler
                0x00000000080007b8                USB_LP_IRQHandler
                0x00000000080007b8                EXTI4_IRQHandler
                0x00000000080007b8                DMA1_Channel3_IRQHandler
                0x00000000080007b8                COMP_IRQHandler
                0x00000000080007b8                WWDG_IRQHandler
                0x00000000080007b8                TIM2_IRQHandler
                0x00000000080007b8                DAC_IRQHandler
                0x00000000080007b8                TIM11_IRQHandler
                0x00000000080007b8                USART2_IRQHandler
                0x00000000080007b8                I2C2_ER_IRQHandler
                0x00000000080007b8                DMA1_Channel2_IRQHandler
                0x00000000080007b8                FLASH_IRQHandler
                0x00000000080007b8                USART1_IRQHandler
                0x00000000080007b8                I2C1_ER_IRQHandler
 .text.HAL_Init
                0x00000000080007ba       0x30 Drivers/STM32L1xx_HAL_Driver/Src/stm32l1xx_hal.o
                0x00000000080007ba                HAL_Init
 *fill*         0x00000000080007ea        0x2 
 .text.HAL_InitTick
                0x00000000080007ec       0x74 Drivers/STM32L1xx_HAL_Driver/Src/stm32l1xx_hal.o
                0x00000000080007ec                HAL_InitTick
 .text.HAL_IncTick
                0x0000000008000860       0x24 Drivers/STM32L1xx_HAL_Driver/Src/stm32l1xx_hal.o
                0x0000000008000860                HAL_IncTick
 .text.HAL_GetTick
                0x0000000008000884       0x14 Drivers/STM32L1xx_HAL_Driver/Src/stm32l1xx_hal.o
                0x0000000008000884                HAL_GetTick
 .text.HAL_Delay
                0x0000000008000898       0x44 Drivers/STM32L1xx_HAL_Driver/Src/stm32l1xx_hal.o
                0x0000000008000898                HAL_Delay
 .text.__NVIC_SetPriorityGrouping
                0x00000000080008dc       0x48 Drivers/STM32L1xx_HAL_Driver/Src/stm32l1xx_hal_cortex.o
 .text.__NVIC_GetPriorityGrouping
                0x0000000008000924       0x1c Drivers/STM32L1xx_HAL_Driver/Src/stm32l1xx_hal_cortex.o
 .text.__NVIC_EnableIRQ
                0x0000000008000940       0x38 Drivers/STM32L1xx_HAL_Driver/Src/stm32l1xx_hal_cortex.o
 .text.__NVIC_SetPriority
                0x0000000008000978       0x54 Drivers/STM32L1xx_HAL_Driver/Src/stm32l1xx_hal_cortex.o
 .text.NVIC_EncodePriority
                0x00000000080009cc       0x64 Drivers/STM32L1xx_HAL_Driver/Src/stm32l1xx_hal_cortex.o
 .text.SysTick_Config
                0x0000000008000a30       0x44 Drivers/STM32L1xx_HAL_Driver/Src/stm32l1xx_hal_cortex.o
 .text.HAL_NVIC_SetPriorityGrouping
                0x0000000008000a74       0x16 Drivers/STM32L1xx_HAL_Driver/Src/stm32l1xx_hal_cortex.o
                0x0000000008000a74                HAL_NVIC_SetPriorityGrouping
 .text.HAL_NVIC_SetPriority
                0x0000000008000a8a       0x38 Drivers/STM32L1xx_HAL_Driver/Src/stm32l1xx_hal_cortex.o
                0x0000000008000a8a                HAL_NVIC_SetPriority
 .text.HAL_NVIC_EnableIRQ
                0x0000000008000ac2       0x1c Drivers/STM32L1xx_HAL_Driver/Src/stm32l1xx_hal_cortex.o
                0x0000000008000ac2                HAL_NVIC_EnableIRQ
 .text.HAL_SYSTICK_Config
                0x0000000008000ade       0x18 Drivers/STM32L1xx_HAL_Driver/Src/stm32l1xx_hal_cortex.o
                0x0000000008000ade                HAL_SYSTICK_Config
 *fill*         0x0000000008000af6        0x2 
 .text.HAL_GPIO_Init
                0x0000000008000af8      0x2fc Drivers/STM32L1xx_HAL_Driver/Src/stm32l1xx_hal_gpio.o
                0x0000000008000af8                HAL_GPIO_Init
 .text.HAL_GPIO_ReadPin
                0x0000000008000df4       0x2e Drivers/STM32L1xx_HAL_Driver/Src/stm32l1xx_hal_gpio.o
                0x0000000008000df4                HAL_GPIO_ReadPin
 .text.HAL_GPIO_WritePin
                0x0000000008000e22       0x30 Drivers/STM32L1xx_HAL_Driver/Src/stm32l1xx_hal_gpio.o
                0x0000000008000e22                HAL_GPIO_WritePin
 .text.HAL_GPIO_TogglePin
                0x0000000008000e52       0x32 Drivers/STM32L1xx_HAL_Driver/Src/stm32l1xx_hal_gpio.o
                0x0000000008000e52                HAL_GPIO_TogglePin
 .text.HAL_GPIO_EXTI_IRQHandler
                0x0000000008000e84       0x30 Drivers/STM32L1xx_HAL_Driver/Src/stm32l1xx_hal_gpio.o
                0x0000000008000e84                HAL_GPIO_EXTI_IRQHandler
 .text.HAL_RCC_OscConfig
                0x0000000008000eb4      0x660 Drivers/STM32L1xx_HAL_Driver/Src/stm32l1xx_hal_rcc.o
                0x0000000008000eb4                HAL_RCC_OscConfig
 .text.HAL_RCC_ClockConfig
                0x0000000008001514      0x268 Drivers/STM32L1xx_HAL_Driver/Src/stm32l1xx_hal_rcc.o
                0x0000000008001514                HAL_RCC_ClockConfig
 .text.HAL_RCC_GetSysClockFreq
                0x000000000800177c      0x194 Drivers/STM32L1xx_HAL_Driver/Src/stm32l1xx_hal_rcc.o
                0x000000000800177c                HAL_RCC_GetSysClockFreq
 .text.RCC_SetFlashLatencyFromMSIRange
                0x0000000008001910       0xc0 Drivers/STM32L1xx_HAL_Driver/Src/stm32l1xx_hal_rcc.o
 .text.__libc_init_array
                0x00000000080019d0       0x48 d:/st/stm32cubeide_1.4.0/stm32cubeide/plugins/com.st.stm32cube.ide.mcu.externaltools.gnu-tools-for-stm32.7-2018-q2-update.win32_1.5.0.202011040924/tools/bin/../lib/gcc/arm-none-eabi/7.3.1/../../../../arm-none-eabi/lib/thumb/v7-m\libc_nano.a(lib_a-init.o)
                0x00000000080019d0                __libc_init_array
 .text.memset   0x0000000008001a18       0x10 d:/st/stm32cubeide_1.4.0/stm32cubeide/plugins/com.st.stm32cube.ide.mcu.externaltools.gnu-tools-for-stm32.7-2018-q2-update.win32_1.5.0.202011040924/tools/bin/../lib/gcc/arm-none-eabi/7.3.1/../../../../arm-none-eabi/lib/thumb/v7-m\libc_nano.a(lib_a-memset.o)
                0x0000000008001a18                memset
 *(.glue_7)
 .glue_7        0x0000000008001a28        0x0 linker stubs
 *(.glue_7t)
 .glue_7t       0x0000000008001a28        0x0 linker stubs
 *(.eh_frame)
 .eh_frame      0x0000000008001a28        0x0 d:/st/stm32cubeide_1.4.0/stm32cubeide/plugins/com.st.stm32cube.ide.mcu.externaltools.gnu-tools-for-stm32.7-2018-q2-update.win32_1.5.0.202011040924/tools/bin/../lib/gcc/arm-none-eabi/7.3.1/thumb/v7-m/crtbegin.o
 *(.init)
 .init          0x0000000008001a28        0x4 d:/st/stm32cubeide_1.4.0/stm32cubeide/plugins/com.st.stm32cube.ide.mcu.externaltools.gnu-tools-for-stm32.7-2018-q2-update.win32_1.5.0.202011040924/tools/bin/../lib/gcc/arm-none-eabi/7.3.1/thumb/v7-m/crti.o
                0x0000000008001a28                _init
 .init          0x0000000008001a2c        0x8 d:/st/stm32cubeide_1.4.0/stm32cubeide/plugins/com.st.stm32cube.ide.mcu.externaltools.gnu-tools-for-stm32.7-2018-q2-update.win32_1.5.0.202011040924/tools/bin/../lib/gcc/arm-none-eabi/7.3.1/thumb/v7-m/crtn.o
 *(.fini)
 .fini          0x0000000008001a34        0x4 d:/st/stm32cubeide_1.4.0/stm32cubeide/plugins/com.st.stm32cube.ide.mcu.externaltools.gnu-tools-for-stm32.7-2018-q2-update.win32_1.5.0.202011040924/tools/bin/../lib/gcc/arm-none-eabi/7.3.1/thumb/v7-m/crti.o
                0x0000000008001a34                _fini
 .fini          0x0000000008001a38        0x8 d:/st/stm32cubeide_1.4.0/stm32cubeide/plugins/com.st.stm32cube.ide.mcu.externaltools.gnu-tools-for-stm32.7-2018-q2-update.win32_1.5.0.202011040924/tools/bin/../lib/gcc/arm-none-eabi/7.3.1/thumb/v7-m/crtn.o
                0x0000000008001a40                . = ALIGN (0x4)
                0x0000000008001a40                _etext = .

.vfp11_veneer   0x0000000008001a40        0x0
 .vfp11_veneer  0x0000000008001a40        0x0 linker stubs

.v4_bx          0x0000000008001a40        0x0
 .v4_bx         0x0000000008001a40        0x0 linker stubs

.iplt           0x0000000008001a40        0x0
 .iplt          0x0000000008001a40        0x0 d:/st/stm32cubeide_1.4.0/stm32cubeide/plugins/com.st.stm32cube.ide.mcu.externaltools.gnu-tools-for-stm32.7-2018-q2-update.win32_1.5.0.202011040924/tools/bin/../lib/gcc/arm-none-eabi/7.3.1/thumb/v7-m/crtbegin.o

.rodata         0x0000000008001a40       0x1c
                0x0000000008001a40                . = ALIGN (0x4)
 *(.rodata)
 *(.rodata*)
 .rodata.PLLMulTable
                0x0000000008001a40        0x9 Core/Src/system_stm32l1xx.o
                0x0000000008001a40                PLLMulTable
 *fill*         0x0000000008001a49        0x3 
 .rodata.AHBPrescTable
                0x0000000008001a4c       0x10 Core/Src/system_stm32l1xx.o
                0x0000000008001a4c                AHBPrescTable
                0x0000000008001a5c                . = ALIGN (0x4)

.ARM.extab      0x0000000008001a5c        0x0
                0x0000000008001a5c                . = ALIGN (0x4)
 *(.ARM.extab* .gnu.linkonce.armextab.*)
                0x0000000008001a5c                . = ALIGN (0x4)

.ARM            0x0000000008001a5c        0x8
                0x0000000008001a5c                . = ALIGN (0x4)
                0x0000000008001a5c                __exidx_start = .
 *(.ARM.exidx*)
 .ARM.exidx     0x0000000008001a5c        0x8 d:/st/stm32cubeide_1.4.0/stm32cubeide/plugins/com.st.stm32cube.ide.mcu.externaltools.gnu-tools-for-stm32.7-2018-q2-update.win32_1.5.0.202011040924/tools/bin/../lib/gcc/arm-none-eabi/7.3.1/thumb/v7-m\libgcc.a(_udivmoddi4.o)
                0x0000000008001a64                __exidx_end = .
                0x0000000008001a64                . = ALIGN (0x4)

.rel.dyn        0x0000000008001a64        0x0
 .rel.iplt      0x0000000008001a64        0x0 d:/st/stm32cubeide_1.4.0/stm32cubeide/plugins/com.st.stm32cube.ide.mcu.externaltools.gnu-tools-for-stm32.7-2018-q2-update.win32_1.5.0.202011040924/tools/bin/../lib/gcc/arm-none-eabi/7.3.1/thumb/v7-m/crtbegin.o

.preinit_array  0x0000000008001a64        0x0
                0x0000000008001a64                . = ALIGN (0x4)
                0x0000000008001a64                PROVIDE (__preinit_array_start = .)
 *(.preinit_array*)
                0x0000000008001a64                PROVIDE (__preinit_array_end = .)
                0x0000000008001a64                . = ALIGN (0x4)

.init_array     0x0000000008001a64        0x4
                0x0000000008001a64                . = ALIGN (0x4)
                0x0000000008001a64                PROVIDE (__init_array_start = .)
 *(SORT_BY_NAME(.init_array.*))
 *(.init_array*)
 .init_array    0x0000000008001a64        0x4 d:/st/stm32cubeide_1.4.0/stm32cubeide/plugins/com.st.stm32cube.ide.mcu.externaltools.gnu-tools-for-stm32.7-2018-q2-update.win32_1.5.0.202011040924/tools/bin/../lib/gcc/arm-none-eabi/7.3.1/thumb/v7-m/crtbegin.o
                0x0000000008001a68                PROVIDE (__init_array_end = .)
                0x0000000008001a68                . = ALIGN (0x4)

.fini_array     0x0000000008001a68        0x4
                0x0000000008001a68                . = ALIGN (0x4)
                [!provide]                        PROVIDE (__fini_array_start = .)
 *(SORT_BY_NAME(.fini_array.*))
 *(.fini_array*)
 .fini_array    0x0000000008001a68        0x4 d:/st/stm32cubeide_1.4.0/stm32cubeide/plugins/com.st.stm32cube.ide.mcu.externaltools.gnu-tools-for-stm32.7-2018-q2-update.win32_1.5.0.202011040924/tools/bin/../lib/gcc/arm-none-eabi/7.3.1/thumb/v7-m/crtbegin.o
                [!provide]                        PROVIDE (__fini_array_end = .)
                0x0000000008001a6c                . = ALIGN (0x4)
                0x0000000008001a6c                _sidata = LOADADDR (.data)

.data           0x0000000020000000        0xc load address 0x0000000008001a6c
                0x0000000020000000                . = ALIGN (0x4)
                0x0000000020000000                _sdata = .
 *(.data)
 *(.data*)
 .data.SystemCoreClock
                0x0000000020000000        0x4 Core/Src/system_stm32l1xx.o
                0x0000000020000000                SystemCoreClock
 .data.uwTickPrio
                0x0000000020000004        0x4 Drivers/STM32L1xx_HAL_Driver/Src/stm32l1xx_hal.o
                0x0000000020000004                uwTickPrio
 .data.uwTickFreq
                0x0000000020000008        0x4 Drivers/STM32L1xx_HAL_Driver/Src/stm32l1xx_hal.o
                0x0000000020000008                uwTickFreq
                0x000000002000000c                . = ALIGN (0x4)
                0x000000002000000c                _edata = .

.igot.plt       0x000000002000000c        0x0 load address 0x0000000008001a78
 .igot.plt      0x000000002000000c        0x0 d:/st/stm32cubeide_1.4.0/stm32cubeide/plugins/com.st.stm32cube.ide.mcu.externaltools.gnu-tools-for-stm32.7-2018-q2-update.win32_1.5.0.202011040924/tools/bin/../lib/gcc/arm-none-eabi/7.3.1/thumb/v7-m/crtbegin.o
                0x000000002000000c                . = ALIGN (0x4)

.bss            0x000000002000000c       0x24 load address 0x0000000008001a78
                0x000000002000000c                _sbss = .
                0x000000002000000c                __bss_start__ = _sbss
 *(.bss)
 .bss           0x000000002000000c       0x1c d:/st/stm32cubeide_1.4.0/stm32cubeide/plugins/com.st.stm32cube.ide.mcu.externaltools.gnu-tools-for-stm32.7-2018-q2-update.win32_1.5.0.202011040924/tools/bin/../lib/gcc/arm-none-eabi/7.3.1/thumb/v7-m/crtbegin.o
 *(.bss*)
 *(COMMON)
 COMMON         0x0000000020000028        0x4 Core/Src/main.o
                0x0000000020000028                i
 COMMON         0x000000002000002c        0x4 Drivers/STM32L1xx_HAL_Driver/Src/stm32l1xx_hal.o
                0x000000002000002c                uwTick
                0x0000000020000030                . = ALIGN (0x4)
                0x0000000020000030                _ebss = .
                0x0000000020000030                __bss_end__ = _ebss

._user_heap_stack
                0x0000000020000030      0x600 load address 0x0000000008001a78
                0x0000000020000030                . = ALIGN (0x8)
                [!provide]                        PROVIDE (end = .)
                0x0000000020000030                PROVIDE (_end = .)
                0x0000000020000230                . = (. + _Min_Heap_Size)
 *fill*         0x0000000020000030      0x200 
                0x0000000020000630                . = (. + _Min_Stack_Size)
 *fill*         0x0000000020000230      0x400 
                0x0000000020000630                . = ALIGN (0x8)

/DISCARD/
 libc.a(*)
 libm.a(*)
 libgcc.a(*)

.ARM.attributes
                0x0000000000000000       0x29
 *(.ARM.attributes)
 .ARM.attributes
                0x0000000000000000       0x1d d:/st/stm32cubeide_1.4.0/stm32cubeide/plugins/com.st.stm32cube.ide.mcu.externaltools.gnu-tools-for-stm32.7-2018-q2-update.win32_1.5.0.202011040924/tools/bin/../lib/gcc/arm-none-eabi/7.3.1/thumb/v7-m/crti.o
 .ARM.attributes
                0x000000000000001d       0x2d d:/st/stm32cubeide_1.4.0/stm32cubeide/plugins/com.st.stm32cube.ide.mcu.externaltools.gnu-tools-for-stm32.7-2018-q2-update.win32_1.5.0.202011040924/tools/bin/../lib/gcc/arm-none-eabi/7.3.1/thumb/v7-m/crtbegin.o
 .ARM.attributes
                0x000000000000004a       0x33 Core/Src/main.o
 .ARM.attributes
                0x000000000000007d       0x33 Core/Src/stm32l1xx_hal_msp.o
 .ARM.attributes
                0x00000000000000b0       0x33 Core/Src/stm32l1xx_it.o
 .ARM.attributes
                0x00000000000000e3       0x33 Core/Src/system_stm32l1xx.o
 .ARM.attributes
                0x0000000000000116       0x21 Core/Startup/startup_stm32l152rbtx.o
 .ARM.attributes
                0x0000000000000137       0x33 Drivers/STM32L1xx_HAL_Driver/Src/stm32l1xx_hal.o
 .ARM.attributes
                0x000000000000016a       0x33 Drivers/STM32L1xx_HAL_Driver/Src/stm32l1xx_hal_cortex.o
 .ARM.attributes
                0x000000000000019d       0x33 Drivers/STM32L1xx_HAL_Driver/Src/stm32l1xx_hal_gpio.o
 .ARM.attributes
                0x00000000000001d0       0x33 Drivers/STM32L1xx_HAL_Driver/Src/stm32l1xx_hal_rcc.o
 .ARM.attributes
                0x0000000000000203       0x2d d:/st/stm32cubeide_1.4.0/stm32cubeide/plugins/com.st.stm32cube.ide.mcu.externaltools.gnu-tools-for-stm32.7-2018-q2-update.win32_1.5.0.202011040924/tools/bin/../lib/gcc/arm-none-eabi/7.3.1/../../../../arm-none-eabi/lib/thumb/v7-m\libc_nano.a(lib_a-init.o)
 .ARM.attributes
                0x0000000000000230       0x2d d:/st/stm32cubeide_1.4.0/stm32cubeide/plugins/com.st.stm32cube.ide.mcu.externaltools.gnu-tools-for-stm32.7-2018-q2-update.win32_1.5.0.202011040924/tools/bin/../lib/gcc/arm-none-eabi/7.3.1/../../../../arm-none-eabi/lib/thumb/v7-m\libc_nano.a(lib_a-memset.o)
 .ARM.attributes
                0x000000000000025d       0x1d d:/st/stm32cubeide_1.4.0/stm32cubeide/plugins/com.st.stm32cube.ide.mcu.externaltools.gnu-tools-for-stm32.7-2018-q2-update.win32_1.5.0.202011040924/tools/bin/../lib/gcc/arm-none-eabi/7.3.1/thumb/v7-m\libgcc.a(_aeabi_uldivmod.o)
 .ARM.attributes
                0x000000000000027a       0x2d d:/st/stm32cubeide_1.4.0/stm32cubeide/plugins/com.st.stm32cube.ide.mcu.externaltools.gnu-tools-for-stm32.7-2018-q2-update.win32_1.5.0.202011040924/tools/bin/../lib/gcc/arm-none-eabi/7.3.1/thumb/v7-m\libgcc.a(_udivmoddi4.o)
 .ARM.attributes
                0x00000000000002a7       0x1d d:/st/stm32cubeide_1.4.0/stm32cubeide/plugins/com.st.stm32cube.ide.mcu.externaltools.gnu-tools-for-stm32.7-2018-q2-update.win32_1.5.0.202011040924/tools/bin/../lib/gcc/arm-none-eabi/7.3.1/thumb/v7-m\libgcc.a(_dvmd_tls.o)
 .ARM.attributes
                0x00000000000002c4       0x1d d:/st/stm32cubeide_1.4.0/stm32cubeide/plugins/com.st.stm32cube.ide.mcu.externaltools.gnu-tools-for-stm32.7-2018-q2-update.win32_1.5.0.202011040924/tools/bin/../lib/gcc/arm-none-eabi/7.3.1/thumb/v7-m/crtn.o
OUTPUT(LORA_V3_NEW_DESIGN.elf elf32-littlearm)

.debug_info     0x0000000000000000     0x3426
 .debug_info    0x0000000000000000      0x70a Core/Src/main.o
 .debug_info    0x000000000000070a      0x290 Core/Src/stm32l1xx_hal_msp.o
 .debug_info    0x000000000000099a      0x223 Core/Src/stm32l1xx_it.o
 .debug_info    0x0000000000000bbd      0x473 Core/Src/system_stm32l1xx.o
 .debug_info    0x0000000000001030       0x22 Core/Startup/startup_stm32l152rbtx.o
 .debug_info    0x0000000000001052      0x6ef Drivers/STM32L1xx_HAL_Driver/Src/stm32l1xx_hal.o
 .debug_info    0x0000000000001741      0xd48 Drivers/STM32L1xx_HAL_Driver/Src/stm32l1xx_hal_cortex.o
 .debug_info    0x0000000000002489      0x69f Drivers/STM32L1xx_HAL_Driver/Src/stm32l1xx_hal_gpio.o
 .debug_info    0x0000000000002b28      0x8fe Drivers/STM32L1xx_HAL_Driver/Src/stm32l1xx_hal_rcc.o

.debug_abbrev   0x0000000000000000      0xd7d
 .debug_abbrev  0x0000000000000000      0x1a9 Core/Src/main.o
 .debug_abbrev  0x00000000000001a9       0xef Core/Src/stm32l1xx_hal_msp.o
 .debug_abbrev  0x0000000000000298       0xac Core/Src/stm32l1xx_it.o
 .debug_abbrev  0x0000000000000344      0x111 Core/Src/system_stm32l1xx.o
 .debug_abbrev  0x0000000000000455       0x12 Core/Startup/startup_stm32l152rbtx.o
 .debug_abbrev  0x0000000000000467      0x21b Drivers/STM32L1xx_HAL_Driver/Src/stm32l1xx_hal.o
 .debug_abbrev  0x0000000000000682      0x2fa Drivers/STM32L1xx_HAL_Driver/Src/stm32l1xx_hal_cortex.o
 .debug_abbrev  0x000000000000097c      0x1c9 Drivers/STM32L1xx_HAL_Driver/Src/stm32l1xx_hal_gpio.o
 .debug_abbrev  0x0000000000000b45      0x238 Drivers/STM32L1xx_HAL_Driver/Src/stm32l1xx_hal_rcc.o

.debug_aranges  0x0000000000000000      0x3f8
 .debug_aranges
                0x0000000000000000       0x40 Core/Src/main.o
 .debug_aranges
                0x0000000000000040       0x20 Core/Src/stm32l1xx_hal_msp.o
 .debug_aranges
                0x0000000000000060       0x68 Core/Src/stm32l1xx_it.o
 .debug_aranges
                0x00000000000000c8       0x28 Core/Src/system_stm32l1xx.o
 .debug_aranges
                0x00000000000000f0       0x28 Core/Startup/startup_stm32l152rbtx.o
 .debug_aranges
                0x0000000000000118       0xe0 Drivers/STM32L1xx_HAL_Driver/Src/stm32l1xx_hal.o
 .debug_aranges
                0x00000000000001f8      0x118 Drivers/STM32L1xx_HAL_Driver/Src/stm32l1xx_hal_cortex.o
 .debug_aranges
                0x0000000000000310       0x58 Drivers/STM32L1xx_HAL_Driver/Src/stm32l1xx_hal_gpio.o
 .debug_aranges
                0x0000000000000368       0x90 Drivers/STM32L1xx_HAL_Driver/Src/stm32l1xx_hal_rcc.o

.debug_ranges   0x0000000000000000      0x370
 .debug_ranges  0x0000000000000000       0x30 Core/Src/main.o
 .debug_ranges  0x0000000000000030       0x10 Core/Src/stm32l1xx_hal_msp.o
 .debug_ranges  0x0000000000000040       0x58 Core/Src/stm32l1xx_it.o
 .debug_ranges  0x0000000000000098       0x18 Core/Src/system_stm32l1xx.o
 .debug_ranges  0x00000000000000b0       0x20 Core/Startup/startup_stm32l152rbtx.o
 .debug_ranges  0x00000000000000d0       0xd0 Drivers/STM32L1xx_HAL_Driver/Src/stm32l1xx_hal.o
 .debug_ranges  0x00000000000001a0      0x108 Drivers/STM32L1xx_HAL_Driver/Src/stm32l1xx_hal_cortex.o
 .debug_ranges  0x00000000000002a8       0x48 Drivers/STM32L1xx_HAL_Driver/Src/stm32l1xx_hal_gpio.o
 .debug_ranges  0x00000000000002f0       0x80 Drivers/STM32L1xx_HAL_Driver/Src/stm32l1xx_hal_rcc.o

.debug_macro    0x0000000000000000    0x1211f
 .debug_macro   0x0000000000000000      0x1a0 Core/Src/main.o
 .debug_macro   0x00000000000001a0      0xa5a Core/Src/main.o
 .debug_macro   0x0000000000000bfa      0x106 Core/Src/main.o
 .debug_macro   0x0000000000000d00       0x2e Core/Src/main.o
 .debug_macro   0x0000000000000d2e       0x22 Core/Src/main.o
 .debug_macro   0x0000000000000d50       0x22 Core/Src/main.o
 .debug_macro   0x0000000000000d72       0x8e Core/Src/main.o
 .debug_macro   0x0000000000000e00       0x51 Core/Src/main.o
 .debug_macro   0x0000000000000e51       0xef Core/Src/main.o
 .debug_macro   0x0000000000000f40       0x6a Core/Src/main.o
 .debug_macro   0x0000000000000faa      0x1df Core/Src/main.o
 .debug_macro   0x0000000000001189       0x1c Core/Src/main.o
 .debug_macro   0x00000000000011a5       0x22 Core/Src/main.o
 .debug_macro   0x00000000000011c7       0xc3 Core/Src/main.o
 .debug_macro   0x000000000000128a      0xe49 Core/Src/main.o
 .debug_macro   0x00000000000020d3      0x11f Core/Src/main.o
 .debug_macro   0x00000000000021f2     0x9cc0 Core/Src/main.o
 .debug_macro   0x000000000000beb2       0x43 Core/Src/main.o
 .debug_macro   0x000000000000bef5     0x34a0 Core/Src/main.o
 .debug_macro   0x000000000000f395      0x174 Core/Src/main.o
 .debug_macro   0x000000000000f509       0x5b Core/Src/main.o
 .debug_macro   0x000000000000f564      0xe38 Core/Src/main.o
 .debug_macro   0x000000000001039c       0xbd Core/Src/main.o
 .debug_macro   0x0000000000010459      0x13b Core/Src/main.o
 .debug_macro   0x0000000000010594       0xad Core/Src/main.o
 .debug_macro   0x0000000000010641      0x21e Core/Src/main.o
 .debug_macro   0x000000000001085f      0x236 Core/Src/main.o
 .debug_macro   0x0000000000010a95      0x107 Core/Src/main.o
 .debug_macro   0x0000000000010b9c      0x281 Core/Src/main.o
 .debug_macro   0x0000000000010e1d      0x1e9 Core/Src/main.o
 .debug_macro   0x0000000000011006       0x22 Core/Src/main.o
 .debug_macro   0x0000000000011028      0x15c Core/Src/main.o
 .debug_macro   0x0000000000011184      0x3ce Core/Src/main.o
 .debug_macro   0x0000000000011552       0x3a Core/Src/main.o
 .debug_macro   0x000000000001158c      0x1a0 Core/Src/stm32l1xx_hal_msp.o
 .debug_macro   0x000000000001172c      0x1aa Core/Src/stm32l1xx_it.o
 .debug_macro   0x00000000000118d6      0x197 Core/Src/system_stm32l1xx.o
 .debug_macro   0x0000000000011a6d      0x1b5 Drivers/STM32L1xx_HAL_Driver/Src/stm32l1xx_hal.o
 .debug_macro   0x0000000000011c22      0x191 Drivers/STM32L1xx_HAL_Driver/Src/stm32l1xx_hal_cortex.o
 .debug_macro   0x0000000000011db3      0x1c9 Drivers/STM32L1xx_HAL_Driver/Src/stm32l1xx_hal_gpio.o
 .debug_macro   0x0000000000011f7c      0x1a3 Drivers/STM32L1xx_HAL_Driver/Src/stm32l1xx_hal_rcc.o

.debug_line     0x0000000000000000     0x3e63
 .debug_line    0x0000000000000000      0x6d9 Core/Src/main.o
 .debug_line    0x00000000000006d9      0x65f Core/Src/stm32l1xx_hal_msp.o
 .debug_line    0x0000000000000d38      0x714 Core/Src/stm32l1xx_it.o
 .debug_line    0x000000000000144c      0x67d Core/Src/system_stm32l1xx.o
 .debug_line    0x0000000000001ac9       0x84 Core/Startup/startup_stm32l152rbtx.o
 .debug_line    0x0000000000001b4d      0x83c Drivers/STM32L1xx_HAL_Driver/Src/stm32l1xx_hal.o
 .debug_line    0x0000000000002389      0x985 Drivers/STM32L1xx_HAL_Driver/Src/stm32l1xx_hal_cortex.o
 .debug_line    0x0000000000002d0e      0x7ee Drivers/STM32L1xx_HAL_Driver/Src/stm32l1xx_hal_gpio.o
 .debug_line    0x00000000000034fc      0x967 Drivers/STM32L1xx_HAL_Driver/Src/stm32l1xx_hal_rcc.o

.debug_str      0x0000000000000000    0x6fb1a
 .debug_str     0x0000000000000000    0x6edc5 Core/Src/main.o
                                      0x6f04e (size before relaxing)
 .debug_str     0x000000000006edc5       0x2c Core/Src/stm32l1xx_hal_msp.o
                                      0x6eb4c (size before relaxing)
 .debug_str     0x000000000006edf1       0xce Core/Src/stm32l1xx_it.o
                                      0x6eb96 (size before relaxing)
 .debug_str     0x000000000006eebf       0xd5 Core/Src/system_stm32l1xx.o
                                      0x6eb21 (size before relaxing)
 .debug_str     0x000000000006ef94       0x36 Core/Startup/startup_stm32l152rbtx.o
                                         0x6a (size before relaxing)
 .debug_str     0x000000000006efca      0x2f5 Drivers/STM32L1xx_HAL_Driver/Src/stm32l1xx_hal.o
                                      0x6f109 (size before relaxing)
 .debug_str     0x000000000006f2bf      0x3d2 Drivers/STM32L1xx_HAL_Driver/Src/stm32l1xx_hal_cortex.o
                                      0x6f23b (size before relaxing)
 .debug_str     0x000000000006f691      0x1f4 Drivers/STM32L1xx_HAL_Driver/Src/stm32l1xx_hal_gpio.o
                                      0x6ed45 (size before relaxing)
 .debug_str     0x000000000006f885      0x295 Drivers/STM32L1xx_HAL_Driver/Src/stm32l1xx_hal_rcc.o
                                      0x6ef1c (size before relaxing)

.comment        0x0000000000000000       0x7b
 .comment       0x0000000000000000       0x7b Core/Src/main.o
                                         0x7c (size before relaxing)
 .comment       0x000000000000007b       0x7c Core/Src/stm32l1xx_hal_msp.o
 .comment       0x000000000000007b       0x7c Core/Src/stm32l1xx_it.o
 .comment       0x000000000000007b       0x7c Core/Src/system_stm32l1xx.o
 .comment       0x000000000000007b       0x7c Drivers/STM32L1xx_HAL_Driver/Src/stm32l1xx_hal.o
 .comment       0x000000000000007b       0x7c Drivers/STM32L1xx_HAL_Driver/Src/stm32l1xx_hal_cortex.o
 .comment       0x000000000000007b       0x7c Drivers/STM32L1xx_HAL_Driver/Src/stm32l1xx_hal_gpio.o
 .comment       0x000000000000007b       0x7c Drivers/STM32L1xx_HAL_Driver/Src/stm32l1xx_hal_rcc.o

.debug_frame    0x0000000000000000      0xe5c
 .debug_frame   0x0000000000000000       0xb8 Core/Src/main.o
 .debug_frame   0x00000000000000b8       0x38 Core/Src/stm32l1xx_hal_msp.o
 .debug_frame   0x00000000000000f0      0x128 Core/Src/stm32l1xx_it.o
 .debug_frame   0x0000000000000218       0x58 Core/Src/system_stm32l1xx.o
 .debug_frame   0x0000000000000270      0x33c Drivers/STM32L1xx_HAL_Driver/Src/stm32l1xx_hal.o
 .debug_frame   0x00000000000005ac      0x498 Drivers/STM32L1xx_HAL_Driver/Src/stm32l1xx_hal_cortex.o
 .debug_frame   0x0000000000000a44      0x14c Drivers/STM32L1xx_HAL_Driver/Src/stm32l1xx_hal_gpio.o
 .debug_frame   0x0000000000000b90      0x220 Drivers/STM32L1xx_HAL_Driver/Src/stm32l1xx_hal_rcc.o
 .debug_frame   0x0000000000000db0       0x2c d:/st/stm32cubeide_1.4.0/stm32cubeide/plugins/com.st.stm32cube.ide.mcu.externaltools.gnu-tools-for-stm32.7-2018-q2-update.win32_1.5.0.202011040924/tools/bin/../lib/gcc/arm-none-eabi/7.3.1/../../../../arm-none-eabi/lib/thumb/v7-m\libc_nano.a(lib_a-init.o)
 .debug_frame   0x0000000000000ddc       0x20 d:/st/stm32cubeide_1.4.0/stm32cubeide/plugins/com.st.stm32cube.ide.mcu.externaltools.gnu-tools-for-stm32.7-2018-q2-update.win32_1.5.0.202011040924/tools/bin/../lib/gcc/arm-none-eabi/7.3.1/../../../../arm-none-eabi/lib/thumb/v7-m\libc_nano.a(lib_a-memset.o)
 .debug_frame   0x0000000000000dfc       0x2c d:/st/stm32cubeide_1.4.0/stm32cubeide/plugins/com.st.stm32cube.ide.mcu.externaltools.gnu-tools-for-stm32.7-2018-q2-update.win32_1.5.0.202011040924/tools/bin/../lib/gcc/arm-none-eabi/7.3.1/thumb/v7-m\libgcc.a(_aeabi_uldivmod.o)
 .debug_frame   0x0000000000000e28       0x34 d:/st/stm32cubeide_1.4.0/stm32cubeide/plugins/com.st.stm32cube.ide.mcu.externaltools.gnu-tools-for-stm32.7-2018-q2-update.win32_1.5.0.202011040924/tools/bin/../lib/gcc/arm-none-eabi/7.3.1/thumb/v7-m\libgcc.a(_udivmoddi4.o)
